// Jest Snapshot v1, https://goo.gl/fbAQLP

exports[`renders HomePage as per expectation 1`] = `
Object {
  "asFragment": [Function],
  "baseElement": <body>
    <div>
      <div
        class="homePageContainer"
      >
        <header
          class="homePageHeader"
        >
          <h1>
            Welcome to our page
          </h1>
        </header>
        <div
          class="homePageContent"
        >
          <p>
            Lorem ipsum dolor sit amet, consectetur adipiscing elit. Sed dapibus, nisi nec elementum fermentum, quam nisl sagittis felis, a tempor libero risus id nibh. Mauris lacus tellus, tristique non pharetra sit amet, placerat interdum lorem. Donec vitae quam ex. Etiam ultricies, leo sit amet sagittis lobortis, velit quam sodales nisi, vel cursus augue nibh vitae nisi. Vestibulum ante ipsum primis in faucibus orci luctus et ultrices posuere cubilia curae; Cras pellentesque ligula a metus porttitor posuere. Aenean in aliquet turpis.
            <br />
            Lorem ipsum dolor sit amet, consectetur adipiscing elit. Sed dapibus, nisi nec elementum fermentum, quam nisl sagittis felis, a tempor libero risus id nibh. Mauris lacus tellus, tristique non pharetra sit amet, placerat interdum lorem. Donec vitae quam ex. Etiam ultricies, leo sit amet sagittis lobortis, velit quam sodales nisi, vel cursus augue nibh vitae nisi. Vestibulum ante ipsum primis in faucibus orci luctus et ultrices posuere cubilia curae; Cras pellentesque ligula a metus porttitor posuere. Aenean in aliquet turpis.
          </p>
        </div>
      </div>
    </div>
  </body>,
  "container": <div>
    <div
      class="homePageContainer"
    >
      <header
        class="homePageHeader"
      >
        <h1>
          Welcome to our page
        </h1>
      </header>
      <div
        class="homePageContent"
      >
        <p>
          Lorem ipsum dolor sit amet, consectetur adipiscing elit. Sed dapibus, nisi nec elementum fermentum, quam nisl sagittis felis, a tempor libero risus id nibh. Mauris lacus tellus, tristique non pharetra sit amet, placerat interdum lorem. Donec vitae quam ex. Etiam ultricies, leo sit amet sagittis lobortis, velit quam sodales nisi, vel cursus augue nibh vitae nisi. Vestibulum ante ipsum primis in faucibus orci luctus et ultrices posuere cubilia curae; Cras pellentesque ligula a metus porttitor posuere. Aenean in aliquet turpis.
          <br />
          Lorem ipsum dolor sit amet, consectetur adipiscing elit. Sed dapibus, nisi nec elementum fermentum, quam nisl sagittis felis, a tempor libero risus id nibh. Mauris lacus tellus, tristique non pharetra sit amet, placerat interdum lorem. Donec vitae quam ex. Etiam ultricies, leo sit amet sagittis lobortis, velit quam sodales nisi, vel cursus augue nibh vitae nisi. Vestibulum ante ipsum primis in faucibus orci luctus et ultrices posuere cubilia curae; Cras pellentesque ligula a metus porttitor posuere. Aenean in aliquet turpis.
        </p>
      </div>
    </div>
  </div>,
  "debug": [Function],
  "findAllByAltText": [Function],
  "findAllByDisplayValue": [Function],
  "findAllByLabelText": [Function],
  "findAllByPlaceholderText": [Function],
  "findAllByRole": [Function],
  "findAllByTestId": [Function],
  "findAllByText": [Function],
  "findAllByTitle": [Function],
  "findByAltText": [Function],
  "findByDisplayValue": [Function],
  "findByLabelText": [Function],
  "findByPlaceholderText": [Function],
  "findByRole": [Function],
  "findByTestId": [Function],
  "findByText": [Function],
  "findByTitle": [Function],
  "getAllByAltText": [Function],
  "getAllByDisplayValue": [Function],
  "getAllByLabelText": [Function],
  "getAllByPlaceholderText": [Function],
  "getAllByRole": [Function],
  "getAllByTestId": [Function],
  "getAllByText": [Function],
  "getAllByTitle": [Function],
  "getByAltText": [Function],
  "getByDisplayValue": [Function],
  "getByLabelText": [Function],
  "getByPlaceholderText": [Function],
  "getByRole": [Function],
  "getByTestId": [Function],
  "getByText": [Function],
  "getByTitle": [Function],
  "queryAllByAltText": [Function],
  "queryAllByDisplayValue": [Function],
  "queryAllByLabelText": [Function],
  "queryAllByPlaceholderText": [Function],
  "queryAllByRole": [Function],
  "queryAllByTestId": [Function],
  "queryAllByText": [Function],
  "queryAllByTitle": [Function],
  "queryByAltText": [Function],
  "queryByDisplayValue": [Function],
  "queryByLabelText": [Function],
  "queryByPlaceholderText": [Function],
  "queryByRole": [Function],
  "queryByTestId": [Function],
  "queryByText": [Function],
  "queryByTitle": [Function],
  "rerender": [Function],
  "unmount": [Function],
}
`;
