// Jest Snapshot v1, https://goo.gl/fbAQLP

exports[`renders navbar as per expectation 1`] = `
Object {
  "asFragment": [Function],
  "baseElement": <body>
    <div>
      <div
        class="navbarContainer"
        style="color: red; top: 0px; position: absolute; display: flex; align-items: center; justify-content: space-between; width: 100vw; padding: 3rem; background-color: black;"
      >
        <div
          class="logo-container"
        >
          <h1
            class="nav-logo"
          >
            Math Magicians
          </h1>
        </div>
        <div
          class="links-container"
          style="display: flex; gap: 3rem; font-size: 2rem; font-weight: 600; color: red;"
        >
          <a
            href="/"
            style="color: red;"
          >
            Home
          </a>
          <a
            href="/calculator"
            style="color: red;"
          >
            Calculator
          </a>
          <a
            href="/quotes"
            style="color: red;"
          >
            Quote
          </a>
        </div>
      </div>
    </div>
  </body>,
  "container": <div>
    <div
      class="navbarContainer"
      style="color: red; top: 0px; position: absolute; display: flex; align-items: center; justify-content: space-between; width: 100vw; padding: 3rem; background-color: black;"
    >
      <div
        class="logo-container"
      >
        <h1
          class="nav-logo"
        >
          Math Magicians
        </h1>
      </div>
      <div
        class="links-container"
        style="display: flex; gap: 3rem; font-size: 2rem; font-weight: 600; color: red;"
      >
        <a
          href="/"
          style="color: red;"
        >
          Home
        </a>
        <a
          href="/calculator"
          style="color: red;"
        >
          Calculator
        </a>
        <a
          href="/quotes"
          style="color: red;"
        >
          Quote
        </a>
      </div>
    </div>
  </div>,
  "debug": [Function],
  "findAllByAltText": [Function],
  "findAllByDisplayValue": [Function],
  "findAllByLabelText": [Function],
  "findAllByPlaceholderText": [Function],
  "findAllByRole": [Function],
  "findAllByTestId": [Function],
  "findAllByText": [Function],
  "findAllByTitle": [Function],
  "findByAltText": [Function],
  "findByDisplayValue": [Function],
  "findByLabelText": [Function],
  "findByPlaceholderText": [Function],
  "findByRole": [Function],
  "findByTestId": [Function],
  "findByText": [Function],
  "findByTitle": [Function],
  "getAllByAltText": [Function],
  "getAllByDisplayValue": [Function],
  "getAllByLabelText": [Function],
  "getAllByPlaceholderText": [Function],
  "getAllByRole": [Function],
  "getAllByTestId": [Function],
  "getAllByText": [Function],
  "getAllByTitle": [Function],
  "getByAltText": [Function],
  "getByDisplayValue": [Function],
  "getByLabelText": [Function],
  "getByPlaceholderText": [Function],
  "getByRole": [Function],
  "getByTestId": [Function],
  "getByText": [Function],
  "getByTitle": [Function],
  "queryAllByAltText": [Function],
  "queryAllByDisplayValue": [Function],
  "queryAllByLabelText": [Function],
  "queryAllByPlaceholderText": [Function],
  "queryAllByRole": [Function],
  "queryAllByTestId": [Function],
  "queryAllByText": [Function],
  "queryAllByTitle": [Function],
  "queryByAltText": [Function],
  "queryByDisplayValue": [Function],
  "queryByLabelText": [Function],
  "queryByPlaceholderText": [Function],
  "queryByRole": [Function],
  "queryByTestId": [Function],
  "queryByText": [Function],
  "queryByTitle": [Function],
  "rerender": [Function],
  "unmount": [Function],
}
`;
